{
  "metadata": {
    "title": "Default",
    "description": "Default custom delimiters and content"
  },
  "content": "<!DOCTYPE html>\n<html lang=\"en\">\n  <head>\n    <meta charset=\"UTF-8\">\n    <title>{{titleize this.basename}}</title>\n  </head>\n  <body>\n    {{> body }}\n  </body>\n</html>",
  "original": "---\ntitle: Default\ndescription: Default custom delimiters and content\n---\n<!DOCTYPE html>\n<html lang=\"en\">\n  <head>\n    <meta charset=\"UTF-8\">\n    <title>{{titleize this.basename}}</title>\n  </head>\n  <body>\n    {{> body }}\n  </body>\n</html>"
}