{
  "metadata": {
    "title": "YFM Only",
    "description": "There is no content on this page."
  },
  "content": "",
  "original": "---\ntitle: YFM Only\ndescription: There is no content on this page.\n---"
}